92.0,70.0,68.0,78.0,109.0,150.0,110.0,137.0,85.0,166.0,108.0,142.0,46.0,118.0,70.0,106.0,